// Jest Snapshot v1, https://goo.gl/fbAQLP

exports[`Not Found Page Render Correctly 1`] = `
<h1>
  Inside 404! PageNotFound
</h1>
`;
